// Jest Snapshot v1, https://goo.gl/fbAQLP

exports[`Storyshots Shared/Button Primary 1`] = `
<button>
  Button
</button>
`;
